[2026-05-24 13:52:44] INFO: CheckM v1.2.4
[2026-05-24 13:52:44] INFO: checkm lineage_wf -x fna -t 4 bins checkm1
[2026-05-24 13:52:44] INFO: CheckM data: /mount/britton/Jose/conda-envs/checkm/checkm_data
[2026-05-24 13:52:44] INFO: [CheckM - tree] Placing bins in reference genome tree.
[2026-05-24 13:52:44] INFO: Identifying marker genes in 1 bins with 4 threads:
[2026-05-24 13:52:58] INFO: Saving HMM info to file.
[2026-05-24 13:52:58] INFO: Calculating genome statistics for 1 bins with 4 threads:
[2026-05-24 13:52:58] INFO: Extracting marker genes to align.
[2026-05-24 13:52:58] INFO: Parsing HMM hits to marker genes:
[2026-05-24 13:52:58] INFO: Extracting 43 HMMs with 4 threads:
[2026-05-24 13:52:58] INFO: Aligning 43 marker genes with 4 threads:
[2026-05-24 13:52:59] INFO: Reading marker alignment files.
[2026-05-24 13:52:59] INFO: Concatenating alignments.
[2026-05-24 13:52:59] INFO: Placing 1 bins into the genome tree with pplacer (be patient).
[2026-05-24 13:55:48] INFO: { Current stage: 0:03:04.777 || Total: 0:03:04.777 }
[2026-05-24 13:55:48] INFO: [CheckM - lineage_set] Inferring lineage-specific marker sets.
[2026-05-24 13:55:48] INFO: Reading HMM info from file.
[2026-05-24 13:55:48] INFO: Parsing HMM hits to marker genes:
[2026-05-24 13:55:48] INFO: Determining marker sets for each genome bin.
[2026-05-24 13:55:49] INFO: Marker set written to: checkm1/lineage.ms
[2026-05-24 13:55:49] INFO: { Current stage: 0:00:00.809 || Total: 0:03:05.587 }
[2026-05-24 13:55:49] INFO: [CheckM - analyze] Identifying marker genes in bins.
[2026-05-24 13:55:49] INFO: Identifying marker genes in 1 bins with 4 threads:
[2026-05-24 13:56:37] INFO: Saving HMM info to file.
[2026-05-24 13:56:37] INFO: { Current stage: 0:00:47.890 || Total: 0:03:53.477 }
[2026-05-24 13:56:37] INFO: Parsing HMM hits to marker genes:
[2026-05-24 13:56:37] INFO: Aligning marker genes with multiple hits in a single bin:
[2026-05-24 13:56:37] INFO: { Current stage: 0:00:00.248 || Total: 0:03:53.725 }
[2026-05-24 13:56:37] INFO: Calculating genome statistics for 1 bins with 4 threads:
[2026-05-24 13:56:37] INFO: { Current stage: 0:00:00.166 || Total: 0:03:53.891 }
[2026-05-24 13:56:37] INFO: [CheckM - qa] Tabulating genome statistics.
[2026-05-24 13:56:37] INFO: Calculating AAI between multi-copy marker genes.
[2026-05-24 13:56:37] INFO: Reading HMM info from file.
[2026-05-24 13:56:38] INFO: Parsing HMM hits to marker genes:
[2026-05-24 13:56:38] INFO: { Current stage: 0:00:00.275 || Total: 0:03:54.167 }
