/mount/britton/Jose/conda-envs/quast/bin/quast.py GCA_010508875.1.fna -o quast -t 4

Version: 5.3.0

System information:
  OS: Linux-3.10.0-1160.119.1.el7.x86_64-x86_64-with-glibc2.17 (linux_64)
  Python version: 3.13.2
  CPUs number: 64

Started: 2026-05-24 13:53:17

Logging to /tmp/slurm-687229/nxf.2NgxLfxQLz/quast/quast.log

CWD: /tmp/slurm-687229/nxf.2NgxLfxQLz
Main parameters: 
  MODE: default, threads: 4, min contig length: 500, min alignment length: 65, min alignment IDY: 95.0, \
  ambiguity: one, min local misassembly length: 200, min extensive misassembly length: 1000

Contigs:
  Pre-processing...
  GCA_010508875.1.fna ==> GCA_010508875.1

2026-05-24 13:53:23
Running Basic statistics processor...
  Contig files: 
    GCA_010508875.1
  Calculating N50 and L50...
    GCA_010508875.1, N50 = 3985392, L50 = 1, auN = 3985392.0, Total length = 3985392, GC % = 60.90, # N's per 100 kbp =  0.00
  Drawing Nx plot...
    saved to /tmp/slurm-687229/nxf.2NgxLfxQLz/quast/basic_stats/Nx_plot.pdf
  Drawing cumulative plot...
    saved to /tmp/slurm-687229/nxf.2NgxLfxQLz/quast/basic_stats/cumulative_plot.pdf
  Drawing GC content plot...
    saved to /tmp/slurm-687229/nxf.2NgxLfxQLz/quast/basic_stats/GC_content_plot.pdf
  Drawing GCA_010508875.1 GC content plot...
    saved to /tmp/slurm-687229/nxf.2NgxLfxQLz/quast/basic_stats/GCA_010508875.1_GC_content_plot.pdf
Done.

NOTICE: Genes are not predicted by default. Use --gene-finding or --glimmer option to enable it.

2026-05-24 13:53:26
Creating large visual summaries...
This may take a while: press Ctrl-C to skip this step..
  1 of 2: Creating PDF with all tables and plots...
  2 of 2: Creating Icarus viewers...
Done

2026-05-24 13:53:26
RESULTS:
  Text versions of total report are saved to /tmp/slurm-687229/nxf.2NgxLfxQLz/quast/report.txt, report.tsv, and report.tex
  Text versions of transposed total report are saved to /tmp/slurm-687229/nxf.2NgxLfxQLz/quast/transposed_report.txt, transposed_report.tsv, and transposed_report.tex
  HTML version (interactive tables and plots) is saved to /tmp/slurm-687229/nxf.2NgxLfxQLz/quast/report.html
  PDF version (tables and plots) is saved to /tmp/slurm-687229/nxf.2NgxLfxQLz/quast/report.pdf
  Icarus (contig browser) is saved to /tmp/slurm-687229/nxf.2NgxLfxQLz/quast/icarus.html
  Log is saved to /tmp/slurm-687229/nxf.2NgxLfxQLz/quast/quast.log

Finished: 2026-05-24 13:53:27
Elapsed time: 0:00:09.063305
NOTICEs: 1; WARNINGs: 0; non-fatal ERRORs: 0

Thank you for using QUAST!
