/mount/britton/Jose/conda-envs/quast/bin/quast.py GCA_943193085.1.fna -o quast -t 4

Version: 5.3.0

System information:
  OS: Linux-3.10.0-1160.119.1.el7.x86_64-x86_64-with-glibc2.17 (linux_64)
  Python version: 3.13.2
  CPUs number: 64

Started: 2026-05-24 13:56:32

Logging to /tmp/slurm-687238/nxf.meVnVBIeuA/quast/quast.log

CWD: /tmp/slurm-687238/nxf.meVnVBIeuA
Main parameters: 
  MODE: default, threads: 4, min contig length: 500, min alignment length: 65, min alignment IDY: 95.0, \
  ambiguity: one, min local misassembly length: 200, min extensive misassembly length: 1000

Contigs:
  Pre-processing...
  GCA_943193085.1.fna ==> GCA_943193085.1

2026-05-24 13:56:32
Running Basic statistics processor...
  Contig files: 
    GCA_943193085.1
  Calculating N50 and L50...
    GCA_943193085.1, N50 = 74117, L50 = 10, auN = 89082.3, Total length = 2242112, GC % = 60.47, # N's per 100 kbp =  0.00
  Drawing Nx plot...
    saved to /tmp/slurm-687238/nxf.meVnVBIeuA/quast/basic_stats/Nx_plot.pdf
  Drawing cumulative plot...
    saved to /tmp/slurm-687238/nxf.meVnVBIeuA/quast/basic_stats/cumulative_plot.pdf
  Drawing GC content plot...
    saved to /tmp/slurm-687238/nxf.meVnVBIeuA/quast/basic_stats/GC_content_plot.pdf
  Drawing GCA_943193085.1 GC content plot...
    saved to /tmp/slurm-687238/nxf.meVnVBIeuA/quast/basic_stats/GCA_943193085.1_GC_content_plot.pdf
Done.

NOTICE: Genes are not predicted by default. Use --gene-finding or --glimmer option to enable it.

2026-05-24 13:56:33
Creating large visual summaries...
This may take a while: press Ctrl-C to skip this step..
  1 of 2: Creating PDF with all tables and plots...
  2 of 2: Creating Icarus viewers...
Done

2026-05-24 13:56:33
RESULTS:
  Text versions of total report are saved to /tmp/slurm-687238/nxf.meVnVBIeuA/quast/report.txt, report.tsv, and report.tex
  Text versions of transposed total report are saved to /tmp/slurm-687238/nxf.meVnVBIeuA/quast/transposed_report.txt, transposed_report.tsv, and transposed_report.tex
  HTML version (interactive tables and plots) is saved to /tmp/slurm-687238/nxf.meVnVBIeuA/quast/report.html
  PDF version (tables and plots) is saved to /tmp/slurm-687238/nxf.meVnVBIeuA/quast/report.pdf
  Icarus (contig browser) is saved to /tmp/slurm-687238/nxf.meVnVBIeuA/quast/icarus.html
  Log is saved to /tmp/slurm-687238/nxf.meVnVBIeuA/quast/quast.log

Finished: 2026-05-24 13:56:33
Elapsed time: 0:00:01.795528
NOTICEs: 1; WARNINGs: 0; non-fatal ERRORs: 0

Thank you for using QUAST!
