/mount/britton/Jose/conda-envs/quast/bin/quast.py GCF_004154955.1.fna -o quast -t 4

Version: 5.3.0

System information:
  OS: Linux-3.10.0-1160.119.1.el7.x86_64-x86_64-with-glibc2.17 (linux_64)
  Python version: 3.13.2
  CPUs number: 64

Started: 2026-05-24 13:53:29

Logging to /tmp/slurm-687230/nxf.CFQ8QVY6Af/quast/quast.log

CWD: /tmp/slurm-687230/nxf.CFQ8QVY6Af
Main parameters: 
  MODE: default, threads: 4, min contig length: 500, min alignment length: 65, min alignment IDY: 95.0, \
  ambiguity: one, min local misassembly length: 200, min extensive misassembly length: 1000

Contigs:
  Pre-processing...
  GCF_004154955.1.fna ==> GCF_004154955.1

2026-05-24 13:53:29
Running Basic statistics processor...
  Contig files: 
    GCF_004154955.1
  Calculating N50 and L50...
    GCF_004154955.1, N50 = 3224506, L50 = 1, auN = 3224506.0, Total length = 3224506, GC % = 59.51, # N's per 100 kbp =  0.00
  Drawing Nx plot...
    saved to /tmp/slurm-687230/nxf.CFQ8QVY6Af/quast/basic_stats/Nx_plot.pdf
  Drawing cumulative plot...
    saved to /tmp/slurm-687230/nxf.CFQ8QVY6Af/quast/basic_stats/cumulative_plot.pdf
  Drawing GC content plot...
    saved to /tmp/slurm-687230/nxf.CFQ8QVY6Af/quast/basic_stats/GC_content_plot.pdf
  Drawing GCF_004154955.1 GC content plot...
    saved to /tmp/slurm-687230/nxf.CFQ8QVY6Af/quast/basic_stats/GCF_004154955.1_GC_content_plot.pdf
Done.

NOTICE: Genes are not predicted by default. Use --gene-finding or --glimmer option to enable it.

2026-05-24 13:53:30
Creating large visual summaries...
This may take a while: press Ctrl-C to skip this step..
  1 of 2: Creating PDF with all tables and plots...
  2 of 2: Creating Icarus viewers...
Done

2026-05-24 13:53:31
RESULTS:
  Text versions of total report are saved to /tmp/slurm-687230/nxf.CFQ8QVY6Af/quast/report.txt, report.tsv, and report.tex
  Text versions of transposed total report are saved to /tmp/slurm-687230/nxf.CFQ8QVY6Af/quast/transposed_report.txt, transposed_report.tsv, and transposed_report.tex
  HTML version (interactive tables and plots) is saved to /tmp/slurm-687230/nxf.CFQ8QVY6Af/quast/report.html
  PDF version (tables and plots) is saved to /tmp/slurm-687230/nxf.CFQ8QVY6Af/quast/report.pdf
  Icarus (contig browser) is saved to /tmp/slurm-687230/nxf.CFQ8QVY6Af/quast/icarus.html
  Log is saved to /tmp/slurm-687230/nxf.CFQ8QVY6Af/quast/quast.log

Finished: 2026-05-24 13:53:31
Elapsed time: 0:00:02.160809
NOTICEs: 1; WARNINGs: 0; non-fatal ERRORs: 0

Thank you for using QUAST!
