/mount/britton/Jose/conda-envs/quast/bin/quast -o ../workflow-output/quast -t 8 ../workflow-output/pilon/assembly.clean.fasta

Version: 5.3.0

System information:
  OS: Linux-3.10.0-1160.42.2.el7.x86_64-x86_64-with-glibc2.17 (linux_64)
  Python version: 3.13.2
  CPUs number: 64

Started: 2025-12-17 11:53:13

Logging to /mount/britton/Jose/Jobs/Jason/2025-12-15-In-silico-filtering-last-effort-in-closing-genome-bash-run/workflow-output/quast/quast.log

CWD: /mount/britton/Jose/Jobs/Jason/2025-12-15-In-silico-filtering-last-effort-in-closing-genome-bash-run/workflow
Main parameters: 
  MODE: default, threads: 8, min contig length: 500, min alignment length: 65, min alignment IDY: 95.0, \
  ambiguity: one, min local misassembly length: 200, min extensive misassembly length: 1000

Contigs:
  Pre-processing...
  ../workflow-output/pilon/assembly.clean.fasta ==> assembly.clean

2025-12-17 11:53:20
Running Basic statistics processor...
  Contig files: 
    assembly.clean
  Calculating N50 and L50...
    assembly.clean, N50 = 1329062, L50 = 1, auN = 1099698.1, Total length = 2598449, GC % = 59.56, # N's per 100 kbp =  0.00
  Drawing Nx plot...
    saved to /mount/britton/Jose/Jobs/Jason/2025-12-15-In-silico-filtering-last-effort-in-closing-genome-bash-run/workflow-output/quast/basic_stats/Nx_plot.pdf
  Drawing cumulative plot...
    saved to /mount/britton/Jose/Jobs/Jason/2025-12-15-In-silico-filtering-last-effort-in-closing-genome-bash-run/workflow-output/quast/basic_stats/cumulative_plot.pdf
  Drawing GC content plot...
    saved to /mount/britton/Jose/Jobs/Jason/2025-12-15-In-silico-filtering-last-effort-in-closing-genome-bash-run/workflow-output/quast/basic_stats/GC_content_plot.pdf
  Drawing assembly.clean GC content plot...
    saved to /mount/britton/Jose/Jobs/Jason/2025-12-15-In-silico-filtering-last-effort-in-closing-genome-bash-run/workflow-output/quast/basic_stats/assembly.clean_GC_content_plot.pdf
Done.

NOTICE: Genes are not predicted by default. Use --gene-finding or --glimmer option to enable it.

2025-12-17 11:53:23
Creating large visual summaries...
This may take a while: press Ctrl-C to skip this step..
  1 of 2: Creating PDF with all tables and plots...
  2 of 2: Creating Icarus viewers...
Done

2025-12-17 11:53:24
RESULTS:
  Text versions of total report are saved to /mount/britton/Jose/Jobs/Jason/2025-12-15-In-silico-filtering-last-effort-in-closing-genome-bash-run/workflow-output/quast/report.txt, report.tsv, and report.tex
  Text versions of transposed total report are saved to /mount/britton/Jose/Jobs/Jason/2025-12-15-In-silico-filtering-last-effort-in-closing-genome-bash-run/workflow-output/quast/transposed_report.txt, transposed_report.tsv, and transposed_report.tex
  HTML version (interactive tables and plots) is saved to /mount/britton/Jose/Jobs/Jason/2025-12-15-In-silico-filtering-last-effort-in-closing-genome-bash-run/workflow-output/quast/report.html
  PDF version (tables and plots) is saved to /mount/britton/Jose/Jobs/Jason/2025-12-15-In-silico-filtering-last-effort-in-closing-genome-bash-run/workflow-output/quast/report.pdf
  Icarus (contig browser) is saved to /mount/britton/Jose/Jobs/Jason/2025-12-15-In-silico-filtering-last-effort-in-closing-genome-bash-run/workflow-output/quast/icarus.html
  Log is saved to /mount/britton/Jose/Jobs/Jason/2025-12-15-In-silico-filtering-last-effort-in-closing-genome-bash-run/workflow-output/quast/quast.log

Finished: 2025-12-17 11:53:24
Elapsed time: 0:00:10.699875
NOTICEs: 1; WARNINGs: 0; non-fatal ERRORs: 0

Thank you for using QUAST!
