[2026-05-24 13:55:44] INFO: CheckM v1.2.4
[2026-05-24 13:55:44] INFO: checkm lineage_wf -x fna -t 4 bins checkm1
[2026-05-24 13:55:44] INFO: CheckM data: /mount/britton/Jose/conda-envs/checkm/checkm_data
[2026-05-24 13:55:44] INFO: [CheckM - tree] Placing bins in reference genome tree.
[2026-05-24 13:55:44] INFO: Identifying marker genes in 1 bins with 4 threads:
[2026-05-24 13:56:00] INFO: Saving HMM info to file.
[2026-05-24 13:56:00] INFO: Calculating genome statistics for 1 bins with 4 threads:
[2026-05-24 13:56:00] INFO: Extracting marker genes to align.
[2026-05-24 13:56:00] INFO: Parsing HMM hits to marker genes:
[2026-05-24 13:56:00] INFO: Extracting 43 HMMs with 4 threads:
[2026-05-24 13:56:00] INFO: Aligning 43 marker genes with 4 threads:
[2026-05-24 13:56:01] INFO: Reading marker alignment files.
[2026-05-24 13:56:01] INFO: Concatenating alignments.
[2026-05-24 13:56:01] INFO: Placing 1 bins into the genome tree with pplacer (be patient).
[2026-05-24 13:59:01] INFO: { Current stage: 0:03:17.385 || Total: 0:03:17.385 }
[2026-05-24 13:59:01] INFO: [CheckM - lineage_set] Inferring lineage-specific marker sets.
[2026-05-24 13:59:01] INFO: Reading HMM info from file.
[2026-05-24 13:59:01] INFO: Parsing HMM hits to marker genes:
[2026-05-24 13:59:02] INFO: Determining marker sets for each genome bin.
[2026-05-24 13:59:02] INFO: Marker set written to: checkm1/lineage.ms
[2026-05-24 13:59:02] INFO: { Current stage: 0:00:00.671 || Total: 0:03:18.057 }
[2026-05-24 13:59:02] INFO: [CheckM - analyze] Identifying marker genes in bins.
[2026-05-24 13:59:02] INFO: Identifying marker genes in 1 bins with 4 threads:
[2026-05-24 14:00:20] INFO: Saving HMM info to file.
[2026-05-24 14:00:20] INFO: { Current stage: 0:01:17.872 || Total: 0:04:35.929 }
[2026-05-24 14:00:20] INFO: Parsing HMM hits to marker genes:
[2026-05-24 14:00:20] INFO: Aligning marker genes with multiple hits in a single bin:
[2026-05-24 14:00:21] INFO: { Current stage: 0:00:00.504 || Total: 0:04:36.434 }
[2026-05-24 14:00:21] INFO: Calculating genome statistics for 1 bins with 4 threads:
[2026-05-24 14:00:21] INFO: { Current stage: 0:00:00.144 || Total: 0:04:36.578 }
[2026-05-24 14:00:21] INFO: [CheckM - qa] Tabulating genome statistics.
[2026-05-24 14:00:21] INFO: Calculating AAI between multi-copy marker genes.
[2026-05-24 14:00:21] INFO: Reading HMM info from file.
[2026-05-24 14:00:21] INFO: Parsing HMM hits to marker genes:
[2026-05-24 14:00:21] INFO: { Current stage: 0:00:00.305 || Total: 0:04:36.884 }
